BL51 BANKED LINKER/LOCATER V6.22                                                        05/22/2016  22:41:55  PAGE 1


BL51 BANKED LINKER/LOCATER V6.22, INVOKED BY:
G:\KELI\C51\BIN\BL51.EXE test_pulse_sensor.obj TO test_pulse_sensor RAMSIZE (256)


MEMORY MODEL: SMALL


INPUT MODULES INCLUDED:
  test_pulse_sensor.obj (TEST_PULSE_SENSOR)
  G:\KELI\C51\LIB\C51S.LIB (?C_STARTUP)
  G:\KELI\C51\LIB\C51S.LIB (?C?SCDIV)
  G:\KELI\C51\LIB\C51S.LIB (?C?CLDOPTR)
  G:\KELI\C51\LIB\C51S.LIB (?C?CILDOPTR)
  G:\KELI\C51\LIB\C51S.LIB (?C?CSTOPTR)
  G:\KELI\C51\LIB\C51S.LIB (STRLEN)
  G:\KELI\C51\LIB\C51S.LIB (?C?CLDPTR)


LINK MAP OF MODULE:  test_pulse_sensor (TEST_PULSE_SENSOR)


            TYPE    BASE      LENGTH    RELOCATION   SEGMENT NAME
            -----------------------------------------------------

            * * * * * * *   D A T A   M E M O R Y   * * * * * * *
            REG     0000H     0008H     ABSOLUTE     "REG BANK 0"
            DATA    0008H     0018H     UNIT         _DATA_GROUP_
            DATA    0020H     0002H     UNIT         ?DT?TEST_PULSE_SENSOR
            IDATA   0022H     0001H     UNIT         ?STACK

            * * * * * * *   C O D E   M E M O R Y   * * * * * * *
            CODE    0000H     0003H     ABSOLUTE     
            CODE    0003H     0003H     UNIT         ?PR?ERROR?TEST_PULSE_SENSOR
                    0006H     0005H                  *** GAP ***
            CODE    000BH     0003H     ABSOLUTE     
            CODE    000EH     00BDH     UNIT         ?C?LIB_CODE
            CODE    00CBH     0090H     UNIT         ?PR?_BT_RSV?TEST_PULSE_SENSOR
            CODE    015BH     0073H     UNIT         ?PR?_BT_SEND?TEST_PULSE_SENSOR
            CODE    01CEH     0047H     UNIT         ?PR?INIT?TEST_PULSE_SENSOR
            CODE    0215H     0022H     UNIT         ?PR?_CLEAR?TEST_PULSE_SENSOR
            CODE    0237H     001DH     UNIT         ?PR?MAIN?TEST_PULSE_SENSOR
            CODE    0254H     0016H     UNIT         ?PR?TIMER0?TEST_PULSE_SENSOR
            CODE    026AH     0015H     UNIT         ?PR?_STRLEN?STRLEN
            CODE    027FH     000CH     UNIT         ?C_C51STARTUP
            CODE    028BH     000BH     UNIT         ?PR?DELAY_1S?TEST_PULSE_SENSOR



OVERLAY MAP OF MODULE:   test_pulse_sensor (TEST_PULSE_SENSOR)


SEGMENT                                  DATA_GROUP 
  +--> CALLED SEGMENT                  START    LENGTH
------------------------------------------------------
?C_C51STARTUP                          -----    -----
  +--> ?PR?MAIN?TEST_PULSE_SENSOR

?PR?MAIN?TEST_PULSE_SENSOR             0008H    0011H
BL51 BANKED LINKER/LOCATER V6.22                                                      05/22/2016  22:41:55  PAGE 2


  +--> ?PR?INIT?TEST_PULSE_SENSOR
  +--> ?PR?_CLEAR?TEST_PULSE_SENSOR
  +--> ?PR?_BT_RSV?TEST_PULSE_SENSOR
  +--> ?PR?_BT_SEND?TEST_PULSE_SENSOR

?PR?_CLEAR?TEST_PULSE_SENSOR           0019H    0003H

?PR?_BT_RSV?TEST_PULSE_SENSOR          0019H    0007H
  +--> ?PR?ERROR?TEST_PULSE_SENSOR

?PR?_BT_SEND?TEST_PULSE_SENSOR         0019H    0006H
  +--> ?PR?_STRLEN?STRLEN



SYMBOL TABLE OF MODULE:  test_pulse_sensor (TEST_PULSE_SENSOR)

  VALUE           TYPE          NAME
  ----------------------------------

  -------         MODULE        TEST_PULSE_SENSOR
  C:0000H         SYMBOL        _ICE_DUMMY_
  D:0093H         PUBLIC        P0M1
  D:0092H         PUBLIC        P1M0
  D:0096H         PUBLIC        P2M0
  D:0091H         PUBLIC        P1M1
  D:0080H         PUBLIC        P0
  D:00B2H         PUBLIC        P3M0
  D:0095H         PUBLIC        P2M1
  D:0090H         PUBLIC        P1
  D:00B4H         PUBLIC        P4M0
  D:00B1H         PUBLIC        P3M1
  D:00A0H         PUBLIC        P2
  D:00CAH         PUBLIC        P5M0
  D:00B3H         PUBLIC        P4M1
  D:00B0H         PUBLIC        P3
  D:00CCH         PUBLIC        P6M0
  D:00C9H         PUBLIC        P5M1
  D:00C0H         PUBLIC        P4
  D:00E2H         PUBLIC        P7M0
  D:00CBH         PUBLIC        P6M1
  D:00C8H         PUBLIC        P5
  B:00A8H.7       PUBLIC        EA
  D:00E8H         PUBLIC        P6
  D:00E1H         PUBLIC        P7M1
  D:00F8H         PUBLIC        P7
  C:021BH         PUBLIC        _clear
  D:00A8H         PUBLIC        IE
  C:00CBH         PUBLIC        _bt_rsv
  C:028BH         PUBLIC        delay_1s
  D:00B8H         PUBLIC        IP
  B:0080H.0       PUBLIC        state
  D:00D8H         PUBLIC        CCON
  C:0237H         PUBLIC        main
  C:0003H         PUBLIC        error
  D:00BCH         PUBLIC        ADC_CONTR
  D:0098H         PUBLIC        SCON
BL51 BANKED LINKER/LOCATER V6.22                                                      05/22/2016  22:41:55  PAGE 3


  D:0088H         PUBLIC        TCON
  C:01CEH         PUBLIC        init
  D:00F0H         PUBLIC        B
  D:008EH         PUBLIC        AUXR
  B:0090H.2       PUBLIC        send_led
  D:0020H         PUBLIC        timer_10ms
  D:00E0H         PUBLIC        ACC
  B:00A8H.1       PUBLIC        ET0
  D:008CH         PUBLIC        TH0
  D:0021H         PUBLIC        bit_pulse
  D:008AH         PUBLIC        TL0
  C:0254H         PUBLIC        timer0
  B:0088H.4       PUBLIC        TR0
  D:009DH         PUBLIC        P1ASF
  B:0090H.0       PUBLIC        err_led
  C:015BH         PUBLIC        _bt_send
  B:0080H.2       PUBLIC        data_i
  B:0080H.1       PUBLIC        data_o
  B:0090H.1       PUBLIC        rsv_led
  D:00D0H         PUBLIC        PSW
  D:0094H         PUBLIC        P0M0
  -------         PROC          INIT
  C:01CEH         LINE#         30
  C:01CEH         LINE#         31
  C:01D3H         LINE#         32
  C:01D7H         LINE#         33
  C:01DBH         LINE#         34
  C:01DFH         LINE#         35
  C:01E3H         LINE#         36
  C:01E7H         LINE#         37
  C:01EBH         LINE#         38
  C:01EFH         LINE#         40
  C:01F2H         LINE#         41
  C:01F5H         LINE#         42
  C:01F8H         LINE#         43
  C:01FAH         LINE#         44
  C:01FCH         LINE#         45
  C:01FEH         LINE#         47
  C:0201H         LINE#         48
  C:0204H         LINE#         50
  C:0206H         LINE#         52
  C:0208H         LINE#         54
  C:020AH         LINE#         55
  C:020CH         LINE#         56
  C:020EH         LINE#         58
  C:0210H         LINE#         59
  C:0212H         LINE#         60
  C:0214H         LINE#         61
  -------         ENDPROC       INIT
  -------         PROC          ERROR
  C:0003H         LINE#         63
  C:0003H         LINE#         64
  C:0003H         LINE#         65
  C:0005H         LINE#         66
  -------         ENDPROC       ERROR
  -------         PROC          TIMER0
  C:0254H         LINE#         68
BL51 BANKED LINKER/LOCATER V6.22                                                      05/22/2016  22:41:55  PAGE 4


  C:0258H         LINE#         70
  C:025BH         LINE#         71
  C:0265H         LINE#         72
  -------         ENDPROC       TIMER0
  -------         PROC          _BT_RSV
  D:0019H         SYMBOL        msg
  -------         DO            
  D:001CH         SYMBOL        i
  D:001DH         SYMBOL        j
  D:001EH         SYMBOL        len
  D:001FH         SYMBOL        stop
  -------         ENDDO         
  C:00CBH         LINE#         74
  C:00D1H         LINE#         75
  C:00D1H         LINE#         79
  C:00D3H         LINE#         81
  C:00D6H         LINE#         82
  C:00D8H         LINE#         83
  C:00DAH         LINE#         85
  C:00DAH         LINE#         86
  C:00DAH         LINE#         87
  C:00DDH         LINE#         88
  C:00DDH         LINE#         89
  C:00E0H         LINE#         90
  C:00E2H         LINE#         91
  C:00E2H         LINE#         92
  C:00E2H         LINE#         93
  C:00E6H         LINE#         94
  C:00E6H         LINE#         95
  C:00E9H         LINE#         96
  C:00F6H         LINE#         97
  C:00F6H         LINE#         98
  C:00F6H         LINE#         99
  C:0103H         LINE#         100
  C:0113H         LINE#         101
  C:0115H         LINE#         102
  C:0115H         LINE#         103
  C:0136H         LINE#         104
  C:0138H         LINE#         105
  C:0138H         LINE#         106
  C:0140H         LINE#         108
  C:0140H         LINE#         109
  C:0142H         LINE#         110
  C:0144H         LINE#         111
  C:0144H         LINE#         112
  C:0144H         LINE#         113
  C:014EH         LINE#         114
  C:014EH         LINE#         115
  C:0152H         LINE#         117
  C:0152H         LINE#         118
  C:0156H         LINE#         121
  C:0158H         LINE#         123
  C:015AH         LINE#         124
  -------         ENDPROC       _BT_RSV
  -------         PROC          _BT_SEND
  D:0019H         SYMBOL        msg
  -------         DO            
BL51 BANKED LINKER/LOCATER V6.22                                                      05/22/2016  22:41:55  PAGE 5


  D:001CH         SYMBOL        i
  D:001DH         SYMBOL        j
  D:001EH         SYMBOL        len
  -------         ENDDO         
  C:015BH         LINE#         127
  C:0161H         LINE#         128
  C:0161H         LINE#         130
  C:0166H         LINE#         132
  C:0168H         LINE#         134
  C:016BH         LINE#         135
  C:0174H         LINE#         136
  C:0174H         LINE#         137
  C:0177H         LINE#         138
  C:0177H         LINE#         139
  C:0177H         LINE#         140
  C:017BH         LINE#         141
  C:017BH         LINE#         142
  C:017EH         LINE#         143
  C:018BH         LINE#         144
  C:018BH         LINE#         145
  C:018BH         LINE#         146
  C:018DH         LINE#         147
  C:018FH         LINE#         148
  C:018FH         LINE#         149
  C:01BCH         LINE#         150
  C:01BEH         LINE#         151
  C:01BEH         LINE#         152
  C:01C0H         LINE#         153
  C:01C0H         LINE#         154
  C:01C0H         LINE#         155
  C:01C2H         LINE#         156
  C:01C7H         LINE#         159
  C:01CBH         LINE#         161
  C:01CDH         LINE#         163
  -------         ENDPROC       _BT_SEND
  -------         PROC          L?0067
  -------         ENDPROC       L?0067
  -------         PROC          _CLEAR
  D:0019H         SYMBOL        msg
  -------         DO            
  D:0007H         SYMBOL        i
  -------         ENDDO         
  C:021BH         LINE#         165
  C:0221H         LINE#         166
  C:0221H         LINE#         168
  C:0223H         LINE#         169
  C:0223H         LINE#         170
  C:0232H         LINE#         171
  C:0236H         LINE#         172
  -------         ENDPROC       _CLEAR
  -------         PROC          DELAY_1S
  -------         DO            
  D:0007H         SYMBOL        cnt_1s
  -------         ENDDO         
  C:028BH         LINE#         174
  C:028BH         LINE#         175
  C:028BH         LINE#         176
BL51 BANKED LINKER/LOCATER V6.22                                                      05/22/2016  22:41:55  PAGE 6


  C:028DH         LINE#         177
  C:028DH         LINE#         178
  C:028DH         LINE#         179
  C:0292H         LINE#         180
  -------         ENDPROC       DELAY_1S
  -------         PROC          MAIN
  -------         DO            
  D:0008H         SYMBOL        i
  D:0009H         SYMBOL        msg
  -------         ENDDO         
  C:0237H         LINE#         184
  C:0237H         LINE#         185
  C:0237H         LINE#         189
  C:023AH         LINE#         190
  C:023DH         LINE#         192
  C:023DH         LINE#         193
  C:023DH         LINE#         194
  C:0246H         LINE#         195
  C:024FH         LINE#         196
  C:0252H         LINE#         197
  -------         ENDPROC       MAIN
  -------         ENDMOD        TEST_PULSE_SENSOR

  -------         MODULE        ?C?SCDIV
  C:000EH         PUBLIC        ?C?SCDIV
  -------         ENDMOD        ?C?SCDIV

  -------         MODULE        ?C?CLDOPTR
  C:0030H         PUBLIC        ?C?CLDOPTR
  -------         ENDMOD        ?C?CLDOPTR

  -------         MODULE        ?C?CILDOPTR
  C:005DH         PUBLIC        ?C?CILDOPTR
  -------         ENDMOD        ?C?CILDOPTR

  -------         MODULE        ?C?CSTOPTR
  C:0090H         PUBLIC        ?C?CSTOPTR
  -------         ENDMOD        ?C?CSTOPTR

  -------         MODULE        STRLEN
  C:026AH         PUBLIC        _STRLEN
  -------         ENDMOD        STRLEN

  -------         MODULE        ?C?CLDPTR
  C:00B2H         PUBLIC        ?C?CLDPTR
  -------         ENDMOD        ?C?CLDPTR

*** WARNING L16: UNCALLED SEGMENT, IGNORED FOR OVERLAY PROCESS
    SEGMENT: ?PR?DELAY_1S?TEST_PULSE_SENSOR

Program Size: data=35.0 xdata=0 code=657
LINK/LOCATE RUN COMPLETE.  1 WARNING(S),  0 ERROR(S)
